INFO 2026-08-13 11:10:03,822 autoreload 24104 128242632700032 Watching for file changes with StatReloader
INFO 2026-08-13 11:10:40,008 log 24104 128242500499136 "POST /post/story-create/ HTTP/1.1" 200 83
INFO 2026-08-13 11:10:40,020 log 24104 128242500499136 "GET /media/story/instapic_9QWlF0G.jpg HTTP/1.1" 200 576680
INFO 2026-08-13 11:27:20,839 autoreload 24104 128242632700032 /home/lenovo/Desktop/social_media_project/instagram/config/settings/base.py changed, reloading.
INFO 2026-08-13 11:27:21,527 autoreload 26785 132064133013632 Watching for file changes with StatReloader
INFO 2026-08-13 11:27:24,792 log 26785 132063935067840 "GET /home/ HTTP/1.1" 200 17441
INFO 2026-08-13 11:27:24,802 log 26785 132063935067840 "GET /media/story/instapic_9QWlF0G.jpg HTTP/1.1" 304 0
INFO 2026-08-13 11:27:33,808 log 26785 132063935067840 "GET /post/add/ HTTP/1.1" 200 2105
INFO 2026-08-13 11:27:33,821 log 26785 132063935067840 "GET /static/accounts/css_files/create_post.css HTTP/1.1" 200 2496
INFO 2026-08-13 11:27:42,252 log 26785 132063935067840 "POST /post/add/ HTTP/1.1" 302 0
INFO 2026-08-13 11:27:42,288 log 26785 132063935067840 "GET /home/ HTTP/1.1" 200 17287
INFO 2026-08-13 11:28:10,633 log 26785 132063935067840 "GET /home/ HTTP/1.1" 200 17287
INFO 2026-08-13 11:28:10,643 log 26785 132063935067840 "GET /static/accounts/css_files/home.css HTTP/1.1" 200 5375
INFO 2026-08-13 11:28:10,647 log 26785 132063926675136 "GET /media/story/instapic_9QWlF0G.jpg HTTP/1.1" 200 576680
INFO 2026-08-13 11:28:10,652 log 26785 132063910942400 "GET /media/posts/instapic_hiJg7Uq.jpg HTTP/1.1" 200 576680
INFO 2026-08-13 11:28:10,655 log 26785 132063910942400 "GET /static/accounts/js_files/home.js HTTP/1.1" 200 19751
WARNING 2026-08-13 11:28:11,033 log 26785 132063910942400 Not Found: /favicon.ico
WARNING 2026-08-13 11:28:11,033 log 26785 132063910942400 "GET /favicon.ico HTTP/1.1" 404 5206
INFO 2026-08-13 11:28:18,198 log 26785 132063910942400 "GET /home/ HTTP/1.1" 200 17287
INFO 2026-08-13 11:28:18,208 log 26785 132063910942400 "GET /static/accounts/css_files/home.css HTTP/1.1" 200 5375
INFO 2026-08-13 11:28:18,210 log 26785 132063926675136 "GET /media/posts/instapic_hiJg7Uq.jpg HTTP/1.1" 200 576680
INFO 2026-08-13 11:28:18,212 log 26785 132063935067840 "GET /media/story/instapic_9QWlF0G.jpg HTTP/1.1" 200 576680
INFO 2026-08-13 11:28:18,219 log 26785 132063935067840 "GET /static/accounts/js_files/home.js HTTP/1.1" 200 19751
WARNING 2026-08-13 11:28:18,529 log 26785 132063935067840 Not Found: /favicon.ico
WARNING 2026-08-13 11:28:18,530 log 26785 132063935067840 "GET /favicon.ico HTTP/1.1" 404 5206
INFO 2026-08-13 11:28:33,496 log 26785 132063935067840 "GET /home/ HTTP/1.1" 200 17287
INFO 2026-08-13 11:28:34,733 log 26785 132063935067840 "GET /post/notifications/ HTTP/1.1" 200 10185
INFO 2026-08-13 11:28:34,740 log 26785 132063935067840 "GET /static/accounts/css_files/notification.css HTTP/1.1" 200 5448
INFO 2026-08-13 11:28:36,250 log 26785 132063935067840 "GET /post/add/ HTTP/1.1" 200 2105
INFO 2026-08-13 11:28:37,318 log 26785 132063935067840 "GET /home/ HTTP/1.1" 200 17287
INFO 2026-08-13 11:28:38,599 log 26785 132063935067840 "GET /profile/aakash/ HTTP/1.1" 200 3055
INFO 2026-08-13 11:28:38,606 log 26785 132063935067840 "GET /static/accounts/css_files/profile.css HTTP/1.1" 304 0
INFO 2026-08-13 11:28:38,607 log 26785 132063910942400 "GET /media/profile_pics/linkedin.jpg HTTP/1.1" 304 0
INFO 2026-08-13 11:28:38,609 log 26785 132063910942400 "GET /media/posts/linkedin_mWy9VMo.jpg HTTP/1.1" 304 0
INFO 2026-08-13 11:28:38,610 log 26785 132063926675136 "GET /media/posts/instapic_hs1k5lQ.jpg HTTP/1.1" 304 0
INFO 2026-08-13 11:28:40,358 log 26785 132063910942400 "GET /home/ HTTP/1.1" 200 17287
INFO 2026-08-13 11:28:56,299 autoreload 26785 132064133013632 /home/lenovo/Desktop/social_media_project/instagram/config/settings/base.py changed, reloading.
INFO 2026-08-13 11:28:56,997 autoreload 27079 135450050683008 Watching for file changes with StatReloader
INFO 2026-08-13 11:29:00,826 log 27079 135449846740672 "GET /home/ HTTP/1.1" 200 17286
INFO 2026-08-13 11:29:00,845 log 27079 135449846740672 "GET /static/accounts/css_files/home.css HTTP/1.1" 200 5375
INFO 2026-08-13 11:29:00,847 log 27079 135449838347968 "GET /media/story/instapic_9QWlF0G.jpg HTTP/1.1" 200 576680
INFO 2026-08-13 11:29:00,848 log 27079 135449829955264 "GET /media/posts/instapic_hiJg7Uq.jpg HTTP/1.1" 200 576680
INFO 2026-08-13 11:29:00,852 log 27079 135449829955264 "GET /static/accounts/js_files/home.js HTTP/1.1" 200 19751
WARNING 2026-08-13 11:29:01,240 log 27079 135449829955264 Not Found: /favicon.ico
WARNING 2026-08-13 11:29:01,241 log 27079 135449829955264 "GET /favicon.ico HTTP/1.1" 404 5206
INFO 2026-08-13 11:29:02,969 log 27079 135449829955264 "GET /post/notifications/ HTTP/1.1" 200 10185
INFO 2026-08-13 11:29:04,328 log 27079 135449829955264 "GET /home/ HTTP/1.1" 200 17286
INFO 2026-08-13 11:29:05,635 log 27079 135449829955264 "GET /profile/aakash/ HTTP/1.1" 200 3055
INFO 2026-08-13 11:29:06,580 log 27079 135449829955264 "GET /home/ HTTP/1.1" 200 17286
INFO 2026-08-13 11:29:29,283 autoreload 27228 123328564129920 Watching for file changes with StatReloader
INFO 2026-08-13 11:29:39,271 log 27228 123328364803776 "GET /home/ HTTP/1.1" 200 17286
INFO 2026-08-13 11:29:47,945 autoreload 27228 123328564129920 /home/lenovo/Desktop/social_media_project/instagram/config/settings/base.py changed, reloading.
INFO 2026-08-13 11:29:48,658 autoreload 27268 137124151365760 Watching for file changes with StatReloader
INFO 2026-08-13 11:29:59,074 log 27268 137123944462016 "POST /post/delete-post/59/ HTTP/1.1" 200 17
INFO 2026-08-13 11:31:44,353 autoreload 27268 137124151365760 /home/lenovo/Desktop/social_media_project/instagram/config/settings/base.py changed, reloading.
INFO 2026-08-13 11:31:45,021 autoreload 27876 132019215818880 Watching for file changes with StatReloader
INFO 2026-08-13 11:31:54,814 log 27876 132019085375168 "GET /home/ HTTP/1.1" 200 17441
INFO 2026-08-13 11:31:54,832 log 27876 132019085375168 "GET /media/story/instapic_9QWlF0G.jpg HTTP/1.1" 304 0
INFO 2026-08-13 11:32:40,893 autoreload 27876 132019215818880 /home/lenovo/Desktop/social_media_project/instagram/config/settings/base.py changed, reloading.
